// Jest Snapshot v1, https://goo.gl/fbAQLP

exports[`<SplashScreen/> renders without crashing 1`] = `
<div
  class="splash-screen"
>
  <img
    alt="Munchkin character holding chainsaw"
    class="splash-screen__character-image"
    src="main-character.png"
  />
  <a
    class="button button--default"
    href="/configure"
  >
    New Game
  </a>
</div>
`;
