// Jest Snapshot v1, https://goo.gl/fbAQLP

exports[`<App/> renders without crashing 1`] = `
<div
  class="game-content"
>
  <div
    class="header"
  >
    <img
      alt="Munchkin game logo"
      class="header__logo"
      src="logo-transparent.png"
    />
  </div>
  <div
    class="card"
  >
    <div
      class="card__inner"
      data-testid="card-inner"
    >
      <div
        class="splash-screen"
      >
        <img
          alt="Munchkin character holding chainsaw"
          class="splash-screen__character-image"
          src="main-character.png"
        />
        <a
          class="button button--default"
          data-testid="button"
          href="#/configure"
          type="button"
        >
          New Game
        </a>
      </div>
    </div>
  </div>
</div>
`;
